[    0.00000 Iitializing cgroup subsys cpuset
[    0.000000] Initializing cgroup subsys cpu
[    0.000000] Initializing grp ubsys puct
[  000000]Liuxersion4..038-genri(bildd@lw058 (gcc erion 5.4.0 20160609 (Ubuntu 5.4.0-6ubuntu1~104.2)  #-Ubunt S Te Sep 15:4:3 UTC 216(Uuntu 44.3857-gnec .4.19)
[    0.000000] Command line: BOOT_IMAGE=/boot/vmlinuz-4.4.0-38-generic root=LABEL=cloudimg-rootfs ro console=tty1 console=ttyS0
[    0.000000] KERNEL supported cpus:
[    0.0000]  InelGeuineIntel
[    0.00000  AMD AuthenticAMD
[    0.000000]   Centaur CentaurHauls
[    0.000000] ------------[ cut here ]------------
[    0.000000] WARNING: CPU: 0 PID: 0 at /build/linux-R0TiM8/linux-4.4.0/arch/x86/kernel/fpu/xstate.c:517 fpu__init_system_xstate+0x38b/0x75a(
[    0.000000] XSAVE consistency problem, dumping leaves
[    0.000000] Modules linked in:
[    0.000000] CPU: 0 PID: 0 Comm: swapper Not tainted 4.4.0-38-generic #57-Ubuntu
[    0.000000]  0000000000000086 b9e94582caf09401 ffffffff81e03d80 ffffffff813f1b73
[    0.000000]  ffffffff81e03dc8 ffffffff81ca2be0 ffffffff81e03db8 ffffffff810811c2
[    0.000000]  ffffffff81e03e48 ffffffff81e03e4c 0000000000000008 0000000000000100
[    0.000000] Call Trace:
[    0.000000]  [<ffffffff813f1b73>] dump_stack+0x63/0x90
[    0.000000]  [<ffffffff810811c2>] warn_slowpath_common+0x82/0xc0
[    0.000000]  [<ffffffff8108125c>] warn_slowpath_fmt+0x5c/0x80
[    0.000000]  [<ffffffff810f9>] ? xearesize+059x7
  0.00000] [ffffff1fee>] fpu__ni_sstem_xta+038b/0x5a[    000000] [<ffffffff5a1>]? early_idt_handler_array+0x120/0x120
[    0.000000]  [<ffffffff81f6a857>] fpu__init_system+0x10d/0x245
[    0.000000]  [<ffffffff81f6b960>] early_cpu_init+0x139/0x13e
[    0.000000]  [<ffffffff81f6b960>] ? early_cpu_init+0x139/0x13e
[    0.000000]  [<ffffffff81f66e2f>] setup_arch+0xb4/0xd1e
[    0.000000]  [<ffffffff81f5a120>] ? early_idt_handler_array+0x120/0x120
[    0.000000]  [<ffffffff81f5ac74>] start_kernel+0xe4/0x4a2
[    0.000000]  [<ffffffff81f5a10>? early_idt_handler_array+0x120/0x120
[    0.000000]  [<ffffffff81f5a339>] x86_64_start_reservations+0x2a/0x2c
[    0.000000]  [<ffffffff81f5a485>] x86_64_start_kernel+0x14a/0x16d
[    0.000000] ---[ end trace 4d5ff9f2f68c4233 ]---
[    0.000000] CPUID[0d, 00]: eax=00000007 ebx=00000440 ecx=00000440 edx=0000
[   0.0000] CPIDd, 01] e=0000000 ebx=000003c0 ecx=00000000 edx000000
[    0.000000] CPID[0d,02 ex=0000000bx=00002 ex=000000edx=000000
[    0.000000] CPUID[0d, 0]:ea00000000 ebx=00000000 ecx=00000000 edx=00000000
[    0.0000] CPUID[0d, 04]: eax=00000000 ebx=00000000 ecx=00000000 edx=00000000
[    0.000000] CPUID[0d, 05]: eax=00000000 ebx=00000000 ecx=00000000 edx=00000000
[    0.000000] CPUID[0d, 06]: eax=00000000 ebx=00000000 ecx=00000000 edx=00000000
[    0.000000] CPUID[0d, 07]:ea=0000000bx=00000000 ecx=00000000 edx=00000000
[    0.000000] CPUID[0d, 08]: eax=00000000 ebx=00000000 ecx=00000000 edx=00000000
[    0.000000] CPUID[0d, 09]: eax=00000000 ebx=00000000 ecx=00000000 edx=00000000
[    0.000000] CPUID[0d, 0a]: eax=00000000 ebx=00000000 ecx=00000000 edx=00000000
[    0.000000] CPUID[0d, 0b]: eax=00000000 ebx=00000000 ecx=00000000 edx00000
[    0.000000] CPUID[0d, 0c]: eax=00000000 ebx=00000000 ecx=00000000 edx=00000000
[    0.000000] CPUID[0d, 0d]: eax=00000000 ebx=00000000 ecx=00000000 edx=00000000
[    0.000000] CPUID[0d, 0e]: eax=00000000 ebx=00000000 ecx=00000000 edx=00000000
[    0.000000] CPUID[0d, 0f]: eax=00000000 ebx=00000000 ecx=00000000 edx=00000000
[    0.000000] CPUID[0d, 10]: eax=00000000 ebx=00000000 ecx=00000000 edx=00000000
[    0.000000] CPUID[0d, 11]: eax=00000000 ebx=00000000 ecx=00000000 edx=00000000
[    0.000000] x86/fpu: xstate_offset[2]:  576, xstate_sizes[2]:  256
[    0.000000] x86/fpu: Supporting XSAVE feature 0x01: 'x87 floating point registers'
[    0.000000] x86/fpu: Supporting XSAVE feature 0x02: 'SSE registers'
[    0.000000] x86fp: Supoin XSAVEfeure 0x4:AV regiser'
[   00000] 86pu Enabled xstate features 0x7, context size is 088 byte, ing 'stndd' frmt.
[    0.000000] x86/fp: in 'lazy' FPU ontext swihe.
[    0.000000] e820: OSrovided physical RAM map:
[    0.000000] BIOS-e820: [mem 0x0000000000000000-0x000000000009fbff] usable
[    0.000000] BIOS-e820: [mem 0x000000000009fc00-0x000000000009ffff] reserved
[    0.000000] BIOS-e820: [mem 0x00000000000f0000-0x00000000000fffff] reserved
[    0.000000] BIOS-e820: [mem 0x0000000000100000-0x000000003ffeffff] usable
[    0.000000] BIOS-e820: [mem 0x000000003fff0000-0x000000003fffffff] ACPI data
[    0.000000] BIOS-e820: [mem 0x00000000fec00000-0x00000000fec00fff] reserved
[    0.000000] BIOS-e820: [mem 0x00000000fee00000-0x00000000fee00fff] reserved
[    0.000000] BIOS-e820: [mem 0x00000000fffc0000-0x00000000ffffffff] reserved
[    0.000000] NX (Execute Disable) protection: active
[    0.000000] SMBIOS 2.5 present.
[    0.000000] Hypervisor detected: KVM
[    0.000000] e80: last_pfn = 0x3fff0 max_arch_pfn = 0x400000000
[    0.000000] MTRR: Disabled
[    0.000000] x86/PAT: MTRRs disabled, skipping PAT initializatin oo.
[    0.000000x8/PAT: Configuration [0-7]: WB  WT  UC- UC  WB  WT  UC- UC  
[    0.000000] CPU MTRRs all blank - virtualized system.
[    0.000000] found SMP MP-table at [mem 0x0009fff0-0x0009ffff] mapped at [ffff88000009fff0]
[    0.000000] Scanning 1 areas for low memory corruption
[    0.000000] RAMDISK: [mem 0x36fd6000-0x377e2fff]
[    0.000000] ACPI: Early table checksum verification disabled
[    0.000000] ACPI: RSDP 0x00000000000E0000 000024 (v02 VBOX  )
[    0.000000] ACPI: XSDT 0x000000003FFF0030 00003C (v01 VBOX   VBOXXSDT 00000001 ASL  00000061)
[    0.000000] ACPI: FACP 0x000000003FFF00F0 0000F4 (v04 VBOX   VBOXFACP 00000001 ASL  00000061)
[    0.000000] ACPI: DSDT 0x000000003FFF0470 00210F (v01 VBOX   VBOXBIOS 00000002 INTL 20160108)
[    0.000000] ACPI: FACS 0x000000003FFF0200 000040
[    0.000000] ACPI: FACS 0x000000003FFF0200 000040
[    0.000000] ACPI: APIC 0x000000003FFF0240 00005C (v02 VBOX   VBOXAPIC 00000001 ASL  00000061)
[    0.000000] ACPI: SSDT 0x000000003FFF02A0 0001CC (v01 VBOX   VBOXCPUT 00000002 INTL 20160108)
[    0.000000] No NUMA configuration found
[    0.000000] Faking a node at [mem 0x0000000000000000-0x000000003ffeffff]
[    0.000000] NODE_DATA(0) allocated [mem 0x3ffeb000-0x3ffeffff]
[    0.000000] kvm-clock: Using msrs 4b6401 and 4b564d00
[    0.000000] kvm-clock: cpu 0, msr 0:3ffe7001, primary cpu clock
[    0.000000] kvm-clock: using sched offset of 3202271555 cycles
[    0.000000] clocksource: kvm-clock: mask: 0xffffffffffffffff max_cycles: 0x1cd44dff mx_dle_ns: 881590591483 ns
[    0.000000] Zone ranges:
[    0.000000]   DMA      [mem 0x0000000000001000-0x0000000000ffffff]
[    0.000000]   DMA32    me0x0000001000000-0x000000003ffeffff]
[    0.000000]   Normal   empty
[    0.000000]   Device   empty
[    0.000000] Movable zone start for each node
[    0.000000] Early memory node ranges
[    0.000000]   nod  0:mem 0x00000000000x000000009eff]
[    0.000000]   node   0: [mem 0x0000000000100000-0x000000003ffeffff]
[    0.000000] Initmem setup node 0 [mem 0x0000000000001000-0x000000003ffeffff]
[    0.000000] ACPI: PM-Timer IO Port: 0x4008
[    0.000000] IOAPIC[0]: apic_id 2, version 32, address xfc000, SI0-23
  0.0000] CP INT_SC_R bus 0 usrq0 gloalrq 2 dfldf
[  00000] PI INTSROV (us bs_irq gbal_irq 9 hig lvel)
[    0.000000] Using ACPI(MT) fr MPconfigraoninfoatn
[    0.000000] smpboot: Allowing CPU, 0 hotplug Us
[  00000] M: Risered nsa memy:mem 0x00000000-0x00000fff]
[    0.00000PM Regstednoveemory: [mem 0x0009f00-000ffff]
[    0.000000] PM: Registered nosave memory: [mem 0x000a0000-0x000effff]
[    0.000000]PM: Reisred nosave memry: [mem 0x000f0000-0x000fff]
[    000000] e82: [mem 0x40000000-0xfebfffff] available for PCI devices
[    0.000000] Booting paravirtualized kernel on KVM
[    0.000000] clocksource: refined-jiffies: mask: 0xffffffff max_cycles: 0xffffffff, max_idle_ns 74551001568 n
   0.0000]seuppepu: NR_CPUS:256 nr_cpumask_bits:256 nr_cpu_ids:2 nr_node_ids:1
[    0.000000] PERCPU: Embedded 33 pages/cpu @ffff88003fc00000 s98008 r89228968 104876
[    0.000000] PV piock hah bl entries: 256 (order: 0, 4096 bytes)
[    0.00000Built  zelst i Nde order, mobility grouping on.  Total pages: 257913
[    0.000000] Policy zone: DMA32
[    0.000000] Kernel command line: BOOT_IMAGE=/boot/vmlinuz-4.4.0-38-generic root=LABEL=cloudimg-rootfs ro console=tty1 console=ttyS0
[    0.000000] PID hash table entries: 4096 (order: 3, 32768 bytes)
[    0.000000] Memory: 1004392K/1048120K available (8404K kernel code, 1283K rwdata, 3944K rodata, 1480K init, 1292K bss, 43728K reserved, 0K cma-reserved)
[    0.000000] SLUB: HWalign=64, Order=0-3, MinObjects=0, CPUs=2, Nodes=1
[    0.000000] Hierarchical RCU implementation.
[    0.000000] 	Build-time adjustment of leaf fanout to 64.
[    0.000000] 	RCU restricting CPUs from NR_CPUS=256 to nr_cpu_ids=2.
[    0.000000] RCU: Adjusting geometry for rcu_fanout_leaf=64, nr_cpu_ids=2
[    0.000000] NR_IRQS:16640 nr_irqs:440 16
[    0.000000] Console: colour VGA+ 80x25
[    0.000000] console [tty1] enabled
[    0.000000] console [ttyS0] enabled
[    0.000000] tsc: Detected 2592.000 MHz processor
[    7.649563] Calibrating delay loop (skipped) preset value.. 5184.00 BogoMIPS (lpj=10368000)
[    7.693068] pid_max: default: 32768 minimum: 301
[    7.726848] ACPI: Core revision 20150930
[    7.778713] ACPI: 2 ACPI AML tables successfully acquired and loaded
[    7.783599] Security Framework initialized
[    7.784269] Yama: becoming mindful.
[    7.784898] AppArmor: AppArmor initialized
[    7.785661] Dentry cache hash table entries: 131072 (order: 8, 1048576 bytes)
[    7.786932] Inode-cache hash table entries: 65536 (order: 7, 524288 bytes)
[    7.789249] Mount-cache hash table entries: 2048 (order: 2, 16384 bytes)
[    7.842299] Mountpoint-cache hash table entries: 2048 (order: 2, 16384 bytes)
[    7.889779] Initializing cgroup subsys io
[    7.930579] Initializing cgroup subsys memory
[    7.931356] Initializing cgroup subsys devices
[    7.932134] Initializing cgroup subsys freezer
[    7.964817] Initializing cgroup subsys net_cls
[    8.022216] Initializing cgroup subsys perf_event
[    8.042444] Initializing cgroup subsys net_prio
[    8.121277] Initializing cgroup subsys hugetlb
[    8.202459] Initializing cgroup subsys pids
[    8.285158] CPU: Physical Processor ID: 0
[    8.373955] CPU: Processor Core ID: 0
[    8.438278] mce: CPU supports 0 MCE banks
[    8.497178] Last level iTLB entries: 4KB 64, 2MB 8, 4MB 8
[    8.523169] Last level dTLB entries: 4KB 64, 2MB 0, 4MB 0, 1GB 4
[    8.525788] Freeing SMP alternatives memory: 32K (ffffffff820b4000 - ffffffff820bc000)
[    8.543396] ftrace: allocating 32006 entries in 126 pages
[    8.679025] smpboot: Max logical packages: 1
[    8.732922] smpboot: APIC(0) Converting physical 0 to logical package 0
[    8.808752] x2apic enabled
[    8.813842] Switched APIC routing to physical x2apic.
[    8.815806] ..TIMER: vector=0x30 apic1=0 pin1=2 apic2=-1 pin2=-1
[    8.924905] smpboot: CPU0: Intel(R) Core(TM) i7-6500U CPU @ 2.50GHz (family: 0x6, model: 0x4e, stepping: 0x3)
[    8.944132] Performance Events: unsupported p6 CPU model 78 no PMU driver, software events only.
[    8.945660] KVM setup paravirtual spinlock
[    8.947017] x86: Booting SMP configuration:
[    8.947711] .... node  #0, CPUs:      #1
[    8.948512] kvm-clock: cpu 1, msr 0:3ffe7041, secondary cpu clock
[    8.950741] mce: CPU supports 0 MCE banks
[    8.953086] x86: Booted up 1 node, 2 CPUs
[    8.953964] smpboot: Total of 2 processors activated (10368.00 BogoMIPS)
[    8.955244] devtmpfs: initialized
[    8.957554] evm: security.selinux
[    8.963582] evm: security.SMACK64
[    8.964197] evm: security.SMACK64EXEC
[    8.964855] evm: security.SMACK64TRANSMUTE
[    8.965579] evm: security.SMACK64MMAP
[    8.966237] evm: security.ima
[    8.966794] evm: security.capability
[    8.967607] clocksource: jiffies: mask: 0xffffffff max_cycles: 0xffffffff, max_idle_ns: 7645041785100000 ns
[    8.969210] pinctrl core: initialized pinctrl subsystem
[    8.970114] RTC time:  0:13:08, date: 10/04/16
[    8.973675] NET: Registered protocol family 16
[    8.988821] cpuidle: using governor ladder
[    9.009156] cpuidle: using governor menu
[    9.046185] PCCT header not found.
[    9.062616] ACPI: bus type PCI registered
[    9.063299] acpiphp: ACPI Hot Plug PCI Controller Driver version: 0.5
[    9.064261] PCI: Using configuration type 1 for base access
[    9.078592] ACPI: Added _OSI(Module Device)
[    9.113041] ACPI: Added _OSI(Processor Device)
[    9.155705] ACPI: Added _OSI(3.0 _SCP Extensions)
[    9.161889] ACPI: Added _OSI(Processor Aggregator Device)
[    9.163414] ACPI: Executed 1 blocks of module-level executable AML code
[    9.166245] ACPI: Interpreter enabled
[    9.209433] ACPI Exception: AE_NOT_FOUND, While evaluating Sleep State [\_S1_] (20150930/hwxface-580)
[    9.309156] ACPI Exception: AE_NOT_FOUND, While evaluating Sleep State [\_S2_] (20150930/hwxface-580)
[    9.310537] ACPI Exception: AE_NOT_FOUND, While evaluating Sleep State [\_S3_] (20150930/hwxface-580)
[    9.338456] ACPI Exception: AE_NOT_FOUND, While evaluating Sleep State [\_S4_] (20150930/hwxface-580)
[    9.401472] ACPI: (supports S0 S5)
[    9.402018] ACPI: Using IOAPIC for interrupt routing
[    9.402878] PCI: Using host bridge windows from ACPI; if necessary, use "pci=nocrs" and report a bug
[    9.484221] ACPI: PCI Root Bridge [PCI0] (domain 0000 [bus 00-ff])
[    9.507006] acpi PNP0A03:00: _OSC: OS supports [ASPM ClockPM Segments MSI]
[    9.562301] acpi PNP0A03:00: _OSC failed (AE_NOT_FOUND); disabling ASPM
[    9.623767] acpi PNP0A03:00: fail to add MMCONFIG information, can't access extended PCI configuration space under this bridge.
[    9.733576] PCI host bridge to bus 0000:00
[    9.807752] pci_bus 0000:00: root bus resource [io  0x0000-0x0cf7 window]
[    9.886027] pci_bus 0000:00: root bus resource [io  0x0d00-0xffff window]
[    9.935082] pci_bus 0000:00: root bus resource [mem 0x000a0000-0x000bffff window]
[    9.958824] pci_bus 0000:00: root bus resource [mem 0x40000000-0xffdfffff window]
[   10.081876] pci_bus 0000:00: root bus resource [bus 00-ff]
[   10.107348] pci 0000:00:01.1: legacy IDE quirk: reg 0x10: [io  0x01f0-0x01f7]
[   10.129921] pci 0000:00:01.1: legacy IDE quirk: reg 0x14: [io  0x03f6]
[   10.130823] pci 0000:00:01.1: legacy IDE quirk: reg 0x18: [io  0x0170-0x0177]
[   10.131779] pci 0000:00:01.1: legacy IDE quirk: reg 0x1c: [io  0x0376]
[   10.151264] pci 0000:00:07.0: quirk: [io  0x4000-0x403f] claimed by PIIX4 ACPI
[   10.159364] pci 0000:00:07.0: quirk: [io  0x4100-0x410f] claimed by PIIX4 SMB
[   10.200593] ACPI: PCI Interrupt Link [LNKA] (IRQs 5 9 10 *11)
[   10.237331] ACPI: PCI Interrupt Link [LNKB] (IRQs 5 9 10 *11)
[   10.246182] ACPI: PCI Interrupt Link [LNKC] (IRQs 5 9 *10 11)
[   10.247418] ACPI: PCI Interrupt Link [LNKD] (IRQs 5 *9 10 11)
[   10.248698] ACPI: Enabled 2 GPEs in block 00 to 07
[   10.249844] vgaarb: setting as boot device: PCI:0000:00:02.0
[   10.250680] vgaarb: device added: PCI:0000:00:02.0,decodes=io+mem,owns=io+mem,locks=none
[   10.251941] vgaarb: loaded
[   10.252459] vgaarb: bridge control possible 0000:00:02.0
[   10.253649] SCSI subsystem initialized
[   10.255082] ACPI: bus type USB registered
[   10.261102] usbcore: registered new interface driver usbfs
[   10.261910] usbcore: registered new interface driver hub
[   10.262715] usbcore: registered new device driver usb
[   10.263676] PCI: Using ACPI for IRQ routing
[   10.264593] NetLabel: Initializing
[   10.270577] NetLabel:  domain hash size = 128
[   10.290851] NetLabel:  protocols = UNLABELED CIPSOv4
[   10.333169] NetLabel:  unlabeled traffic allowed by default
[   10.374169] amd_nb: Cannot enumerate AMD northbridges
[   10.403851] clocksource: Switched to clocksource kvm-clock
[   10.410429] AppArmor: AppArmor Filesystem Enabled
[   10.416562] pnp: PnP ACPI init
[   10.417685] pnp: PnP ACPI: found 3 devices
[ 102548clksrc: pipm: mask: 0xffffff max_cycles: 0xffffff, max_idle_ns: 2085701024 ns
[   10.804739] NET: Reisreproc fil 2
[   11.130] CPesabisedastae tres 892orr:, 536 bytes)
[   11.823024] TCP bind hash table entries: 8192 (order: 5, 131072 bytes)
[ 12.074151] TCP: Hash taesongud (established 8192 bnd 8192)
[  1333724] UDP has tlentries: 512 (order: 2, 16384 bytes)
[  15229UDP-Li hh table entries: 512 (order: 2, 63 bes
[ 13365]NE: gier ptol mi 1[ 13666]ci0000:00:00.0: imti decPCPCtrsfers
[ 146290pc000::00:ctatg A A ngorkarounds
[   14.817721] Trying to unpack oos image as initramfs...
[   16.456781] Freeing initrd memory: 8244K (ffff880036fd6000 - ffff8800377e3000)
[   16.473749] platform rtc_cmos: registered platform RTC device (no PNP device found)
[   16.553289] Scanning for low memory corruption every 60 seconds
[   16.554437] futex hash table entries: 512 (order: 3, 32768 bytes)
[   16.555285] audit: initializing netlink subsys (disabled)
[   16.556045] audit: type=2000 audit(1475539990.109:1): initialized
[   16.557140] Initialise system trusted keyring
[   16.557945] HugeTLB registered 2 MB page size, pre-allocated 0 pages
[   16.560023] zbud: loaded
[   16.560724] VFS: Disk quotas dquot_6.6.0
[   16.561416] VFS: Dquot-cache hash table entries: 512 (order 0, 4096 bytes)
[   16.562524] squashfs: version 4.0 (2009/01/31) Phillip Lougher
[   16.563532] fuse init (API version 7.23)
[   16.564246] Key type big_key registered
[   16.564912] Allocating IMA MOK and blacklist keyrings.
[   16.566468] Key type asymmetric registered
[   16.567105] Asymmetric key parser 'x509' registered
[   16.567834] Block layer SCSI generic (bsg) driver version 0.4 loaded (major 249)
[   16.569016] io scheduler noop registered
[   16.569651] io scheduler deadline registered (default)
[   16.570404] io scheduler cfq registered
[   16.571081] pci_hotplug: PCI Hot Plug PCI Core version: 0.5
[   16.571861] pciehp: PCI Express Hot Plug Controller Driver version: 0.4
[   16.593448] ACPI: AC Adapter [AC] (on-line)
[   16.594124] input: Power Button as /devices/LNXSYSTM:00/LNXPWRBN:00/input/input0
[   16.595288] ACPI: Power Button [PWRF]
[   16.595923] input: Sleep Button as /devices/LNXSYSTM:00/LNXSLPBN:00/input/input1
[   16.597069] ACPI: Sleep Button [SLPF]
[   16.598248] ACPI: Battery Slot [BAT0] (battery present)
[   16.599004] GHES: HEST is not enabled!
[   16.599696] Serial: 8250/16550 driver, 32 ports, IRQ sharing enabled
[   16.621948] 00:02: ttyS0 at I/O 0x3f8 (irq = 4, base_baud = 115200) i  a 16550A
[   16.806009] Linux agpgart interface v0.103
[   16.808695] brd: module loaded
[   16.810136] loop: module loaded
[   16.811180] scsi host0: ata_piix
[   16.811840] scsi host1: ata_piix
[   16.812427] ata1: PATA max UDMA/33 cmd 0x1f0 ctl 0x3f6 bmdma 0xd000 irq 14
[   16.813336] ata2: PATA max UDMA/33 cmd 0x170 ctl 0x376 bmdma 0xd008 irq 15
[   16.814298] libphy: Fixed MDIO Bus: probed
[   16.814966] tun: Universal TUN/TAP device driver, 1.6
[   16.815681] tun: (C) 1999-2004 Max Krasnyansky <maxk@qualcomm.com>
[   16.816556] PPP generic driver version 2.4.2
[   16.823036] ehci_hcd: USB 2.0 'Enhanced' Host Controller (EHCI) Driver
[   16.823906] ehci-pci: EHCI PCI platform driver
[   16.824596] ehci-platform: EHCI generic platform driver
[   16.825361] ohci_hcd: USB 1.1 'Open' Host Controller (OHCI) Driver
[   16.826243] ohci-pci: OHCI PCI platform driver
[   16.826911] ohci-platform: OHCI generic platform driver
[   16.827679] uhci_hcd: USB Universal Host Controller Interface driver
[   16.828660] i8042: PNP: PS/2 Controller [PNP0303:PS2K,PNP0f03:PS2M] at 0x60,0x64 irq 1,12
[   16.830282] serio: i8042 KBD port at 0x60,0x64 irq 1
[   16.831005] serio: i8042 AUX port at 0x60,0x64 irq 12
[   16.831824] mousedev: PS/2 mouse device common for all mice
[   16.833020] input: AT Translated Set 2 keyboard as /devices/platform/i8042/serio0/input/input2
[   16.834312] rtc_cmos rtc_cmos: rtc core: registered rtc_cmos as rtc0
[   16.835283] rtc_cmos rtc_cmos: alarms up to one day, 114 bytes nvram
[   16.836128] i2c /dev entries driver
[   16.836765] device-mapper: uevent: version 1.0.3
[   16.837513] device-mapper: ioctl: 4.34.0-ioctl (2015-10-28) initialised: dm-devel@redhat.com
[   16.843078] ledtrig-cpu: registered to indicate activity on CPUs
[   16.844189] NET: Registered protocol family 10
[   16.853824] NET: Registered protocol family 17
[   16.873122] Key type dns_resolver registered
[   16.873929] microcode: CPU0 sig=0x406e3, pf=0x2, revision=0x0
[   16.874819] microcode: CPU1 sig=0x406e3, pf=0x2, revision=0x0
[   16.875641] microcode: Microcode Update Driver: v2.01 <tigran@aivazian.fsnet.co.uk>, Peter Oruba
[   16.877075] registered taskstats version 1
[   16.877739] Loading compiled-in X.509 certificates
[   16.879004] Loaded X.509 cert 'Build time autogenerated kernel key: 8b9fe5db9540517005e475afed63f7a6645227d6'
[   16.880406] zswap: loaded using pool lzo/zbud
[   16.882496] Key type trusted registered
[   16.935405] Key type encrypted registered
[   16.957200] AppArmor: AppArmor sha1 policy hashing enabled
[   16.961054] ima: No TPM chip found, activating TPM-bypass!
[   16.961833] evm: HMAC attrs: 0x1
[   16.962596]   Magic number: 4:488:202
[   16.963262] rtc_cmos rtc_cmos: setting system clock to 2016-10-04 00:13:16 UTC (1475539996)
[   16.964578] BIOS EDD facility v0.16 2004-Jun-25, 0 devices found
[   16.965396] EDD information not available.
[   16.968847] Freeing unused kernel memory: 1480K (ffffffff81f42000 - ffffffff820b4000)
[   16.973635] Write protecting the kernel read-only data: 14336k
[   16.979145] Freeing unused kernel memory: 1824K (ffff880001838000 - ffff880001a00000)
[   16.982490] Freeing unused kernel memory: 152K (ffff880001dda000 - ffff880001e00000)
Loading, please wait...
starting version[   16.993631] random: systemd-udevd: uninitialized urandom read (16 bytes read, 3 bits of entropy available)
 229
[   16.994271] random: udevadm: uninitialized urandom read (16 bytes read, 3 bits of entropy available)
[   16.994305] random: udevadm: uninitialized urandom read (16 bytes read, 3 bits of entropy available)
[   16.994418] random: udevadm: uninitialized urandom read (16 bytes read, 3 bits of entropy available)
[   16.994453] random: udevadm: uninitialized urandom read (16 bytes read, 3 bits of entropy available)
[   16.994486] random: udevadm: uninitialized urandom read (16 bytes read, 3 bits of entropy available)
[   16.994520] random: udevadm: uninitialized urandom read (16 bytes read, 3 bits of entropy available)
[   16.994551] random: udevadm: uninitialized urandom read (16 bytes read, 3 bits of entropy available)
[   16.994581] random: udevadm: uninitialized urandom read (16 bytes read, 3 bits of entropy available)
[   16.994613] random: udevadm: uninitialized urandom read (16 bytes read, 3 bits of entropy available)
[   17.139362] e1000: Intel(R) PRO/1000 Network Driver - version 7.3.21-k8-NAPI
[   17.168767] e1000: Copyright (c) 1999-2006 Intel Corporation.
[   17.189227] AVX version of gcm_enc/dec engaged.
[   17.195854] Fusion MPT base driver 3.04.20
[   17.195855] Copyright (c) 1999-2008 LSI Corporation
[   17.214612] AES CTR mode by8 optimization enabled
[   17.219909] Fusion MPT SPI Host driver 3.04.20
[   17.413592] input: ImExPS/2 Generic Explorer Mouse as /devices/platform/i8042/serio1/input/input4
[   17.479915] tsc: Refined TSC clocksource calibration: 2592.126 MHz
[   17.489328] clocksource: tsc: mask: 0xffffffffffffffff max_cycles: 0x255d2dbe98e, max_idle_ns: 440795266928 ns
[   17.628342] e1000 0000:00:03.0 eth0: (PCI:33MHz:32-bit) 02:a0:3d:de:85:bf
[   17.953100] e1000 0000:00:03.0 eth0: Intel(R) PRO/1000 Network Connection
[   17.976959] mptbase: ioc0: Initiating bringup
[   18.096763] ioc0: LSI53C1030 A0: Capabilities={Initiator}
[   18.405053] scsi host2: ioc0: LSI53C1030 A0, FwRev=00000000h, Ports=1, MaxQ=256, IRQ=20
[   18.625014] scsi 2:0:0:0: Direct-Access     VBOX     HARDDISK         1.0  PQ: 0 ANSI: 5
[   18.676572] scsi target2:0:0: Beginning Domain Validation
[   18.678352] scsi target2:0:0: Domain Validation skipping write tests
[   18.696394] scsi target2:0:0: Ending Domain Validation
[   18.714401] scsi target2:0:0: asynchronous
[   18.715743] scsi 2:0:1:0: Direct-Access     VBOX     HARDDISK         1.0  PQ: 0 ANSI: 5
[   18.735154] scsi target2:0:1: Beginning Domain Validation
[   18.741981] scsi target2:0:1: Domain Validation skipping write tests
[   18.744002] scsi target2:0:1: Ending Domain Validation
[   18.744876] scsi target2:0:1: asynchronous
[   18.830228] sd 2:0:0:0: Attached scsi generic sg0 type 0
[   18.857651] sd 2:0:0:0: [sda] 20971520 512-byte logical blocks: (10.7 GB/10.0 GiB)
[   18.859197] sd 2:0:0:0: [sda] Write Protect is off
[   18.860159] sd 2:0:0:0: [sda] Incomplete mode parameter data
[   18.862148] sd 2:0:0:0: [sda] Assuming drive cache: write through
[   18.863996] sd 2:0:1:0: [sdb] 20480 512-byte logical blocks: (10.5 MB/10.0 MiB)
[   18.865573] sd 2:0:1:0: [sdb] Write Protect is off
[   18.871777] sd 2:0:1:0: Attached scsi generic sg1 type 0
[   18.872963] sd 2:0:1:0: [sdb] Incomplete mode parameter data
[   18.874952] sd 2:0:1:0: [sdb] Assuming drive cache: write through
[   18.880701]  sda: sda1
[   18.911127] sd 2:0:1:0: [sdb] Attached SCSI disk
[   18.919521] sd 2:0:0:0: [sda] Attached SCSI disk
[   18.994193] e1000 0000:00:08.0 eth1: (PCI:33MHz:32-bit) 08:00:27:85:79:97
[   19.083099] e1000 0000:00:08.0 eth1: Intel(R) PRO/1000 Network Connection
[   19.084943] e1000 0000:00:08.0 enp0s8: renamed from eth1
[   19.152048] e1000 0000:00:03.0 enp0s3: renamed from eth0
[   20.252712] floppy0: no floppy controllers found
Begin: Loading e[   21.871722] md: linear personality registered for level -1
ssential drivers ... [   21.910877] md: multipath personality registered for level -4
[   21.915256] md: raid0 personality registered for level 0
[   21.918967] md: raid1 personality registered for level 1
[   22.067900] raid6: sse2x1   gen()  8771 MB/s
[   22.203994] raid6: sse2x1   xor()  4830 MB/s
[   22.339996] raid6: sse2x2   gen()  7874 MB/s
[   22.444041] raid6: sse2x2   xor()  6249 MB/s
[   22.591915] raid6: sse2x4   gen()  9733 MB/s
[   22.675915] raid6: sse2x4   xor()  5505 MB/s
[   22.748528] raid6: using algorithm sse2x4 gen() 9733 MB/s
[   22.768382] raid6: .... xor() 5505 MB/s, rmw enabled
[   22.806696] raid6: using ssse3x2 recovery algorithm
[   22.809294] xor: automatically using best checksumming function:
[   22.952138]    avx       : 25176.000 MB/sec
[   22.964220] async_tx: api initialized (async)
[   22.972619] md: raid6 personality registered for level 6
[   22.982890] md: raid5 personality registered for level 5
[   22.984738] md: raid4 personality registered for level 4
[   22.989684] md: raid10 personality registered for level 10
done.
Begin: Running /scripts/init-premount ... done.
Begin: Mounting root file system ... Begin: Running /scripts/local-top ... done.
Begin: Running /scripts/local-[   23.092206] Btrfs loaded
premount ... Scanning for Btrfs filesystems
done.
Warning: fsck not present, so skipping root file system
[   23.229502] EXT4-fs (sda1): mounted filesystem with ordered data mode. Opts: (null)
done.
Begin: Running /scripts/local-bottom ... done.
Begin: Running /scripts/init-bottom ... Warning: overlayroot: debug is busted
done.
[   24.366806] systemd[1]: systemd 229 running in system mode. (+PAM +AUDIT +SELINUX +IMA +APPARMOR +SMACK +SYSVINIT +UTMP +LIBCRYPTSETUP +GCRYPT +GNUTLS +ACL +XZ -LZ4 +SECCOMP +BLKID +ELFUTILS +KMOD -IDN)
[   24.415929] systemd[1]: Detected virtualization oracle.
  4.39] systemd[1]: Detected achecre864.
[   25.167901] rnd: nbckg ols initialized

Welcome to [1mUbuntu 16.04.1 LTS[0m!

[ 2550722] systemd[1 S htne  <unu>
[   26.192245] systemd[1]: Initializing machine ID from random generator.
[  22307syem1] Installed transient /etc/machine-id file.
[ 273765 systemd[1]: Listening on udev Control ck. [[0;32m  OK  [0m] Listening on udev Control Socket.
[   27.836689] systemd[1]: Listening on LVM2 metadata daemon socket.
[[0;32m  OK  [0m] Listening on LVM2 metadata daemon socket.
[ 28221]ysmd]:reted slice System Slie. [[0;32m  OK  [0m] Created slice System Slice.
[   28.818538] systemd[1]: Reached target User and Group Name Lookups.
[[0;32m  OK  [0m] Reached target User and Group Name Lookups.
[ 29209]ysmd]:isning on Journal Audit Socket.
[[0;32m  OK  [0m] Listening on Journal Audit Socket.
[   29.624329] systemd[1]: stinonJournal Socket (/dev/log).
[[0;32m  OK  [0m] Listening on Journal Socket (/dev/log).
[ 29416]ystemd[1]: Created slice User and Session Slice.
[[0;32m  OK  [0m] Created slice User and Session Slice.
[   30.420985] systemd[1]: Reached target Swap.
[[0;32m  OK  [0m] Reached target Swap.
[   30.422585] systemd[1]: Listening on Journal Socket.
[[0;32m  OK  [0m] Listening on Journal Socket.
[   30.440175] systemd[1]: Starting Set console keymap...
         Starting Set console keymap...
[   30.568021] systemd[1]: Starting Load Kernel Modules...
         Starting Load Kernel Modules...
[   30.601809] systemd[1]: Mounting POSIX Message Queue File System...
         Mounting POSIX Message Queue File System...
[   30.612928] systemd[1]: Starting Nameserver information manager...
         Starting Nameserver information manager...
[   30.617970] systemd[1]: Mounting Huge Pages File System...
         Mounting Huge Pages File System...
[   30.628469]ysmd1]: StarteFoarPaword Requests to Wall Directory Watch.
[[0;32m  OK  [0m] Started Forward Password Requests to Wall Directory Watch.
[   31.179088] systemd[1]: Listening on Device-mapper event daemon FIFOs.
[[0;32m  OK  [0m] Listening on Device-mapper event daemon FIFOs.
[   31.190423] Loading iSCSI transport class v2.0-870.
[   31.200026] systemd[1]: Starting Monitoring of LVM2 mirrors, snapshots etc. using dmeventd or progress polling...
         Starting Monitoring of LVM2 mirrors... dmeventd or progress polling...
[   31.209497] systemd[1]: Reached target Encrypted Volumes.
[[0;32m  OK  [0m] Reached target Encrypted Volumes.
[   31.211439] systemd[1]: Listening on LVM2 poll daemon socket.
[[0;32m  OK  [0m] Listening on LVM2 poll daemon socket.
[   31.213493] systemd[1]: Listening on udev Kernel Socket.
[[0;32m  OK  [0m] Listening on udev Kernel Socket.
[  3.215592] systemd[1]: Created slice system-serial\x2dgetty.slice.

[   31.263826] iscsi: registered transport (tcp)
[[0;32m  OK  [0m] Created slice system-serial\x2dgetty.slice.
[   31.269505] systemd[1]: Listening on /dev/initctl Compatibility Named Pipe.
[[0;32m  OK  [0m] Listening on /dev/initctl Compatibility Named Pipe.
[   31.271598] systemd[1]: Listening on Syslog Socket.
[[0;32m  OK  [0m] Listening on Syslog Socket.
[   31.273451] systemd[1]: Reached target Slices.
[[0;32m  OK  [0m] Reached target Slices.
[   31.284090] systemd[1]: Starting Journal Service...
         Starting Journal Service...
[   31.291706] systemd[1]: Starting Create list of required static device nodes for the current kernel...
         Starting Create list of required st... nodes for the current kernel...
[   31.299049] systemd[1]: Mounting Debug File System...
         Mounting Debug File System...
[   31.302597] systemd[1]: Starting Uncomplicated firewall...
         Starting Uncomplicated firewall...
[   31.315980] systemd[1]: Set up automount Arbitrary Executable File Formats File System Automount Point.
[[0;32m  OK  [0m] Set up automount Arbitrary Executab...ats File System Automount Point.
[   31.412311] systemd[1]: Starting Remount Root and Kernel File Systems...
         Starting Remount Root and Kernel File Systems...
[   31.434441] EXT4-fs (sda1): re-mounted. Opts: (null)
[   31.435148] systemd[1]: Mounted Huge Pages File System.
[[0;32m  OK  [0m] Mounted Huge Pages File System.
[   31.630936] systemd[1]: Mounted POSIX Message Queue File System.
[[0;32m  OK  [0m] Mounted POSIX Message Queue File System.
[   31.668051] systemd[1]: Mounted Debug File System.
[[0;32m  OK  [0m] Mounted Debug File System.
[   31.670337] systemd[1]: Started Set console keymap.
[[0;32m  OK  [0m] Started Set console keymap.
[   31.684719] systemd[1]: Started Create list of required static device nodes for the current kernel.
[[0;32m  OK  [0[   31.702542] iscsi: registered transport (iser)
m] Started Create list of required sta...ce nodes for the current kernel.
[   31.716044] systemd[1]: Started Uncomplicated firewall.
[[0;32m  OK  [0m] Started Uncomplicated firewall.
[   31.773459] systemd[1]: Started Load Kernel Modules.
[[0;32m  OK  [0m] Started Load Kernel Modules.
[   31.814314] systemd[1]: Started Remount Root and Kernel File Systems.
[[0;32m  OK  [0m] Started Remount Root and Kernel File Systems.
[   31.828653] systemd[1]: Started Nameserver information manager.
[[0;32m  OK  [0m] Started Nameserver information manager.
[   31.960003] systemd[1]: Started Journal Service.
[[0;32m  OK  [0m] Started Journal Service.
[[0;32m  OK  [0m] Started LVM2 metadata daemon.
         Starting Flush Journal to Persistent Storage...
         Starting Load/Save Random Seed...
         Starting udev Coldplug all Devices...
         Starting Apply Kernel Variables...
         Mounting FUSE Control File System...
         Starting Create Static Device Nodes in /dev...
[[0;32m  OK  [0m] Mounted FUSE Control File System.
[[0;32m  OK  [0m] Started Load/Save Random Seed.
[   32.168209] systemd-journald[416]: Received request to flush runtime journal from PID 1
[[0;32m  OK  [0m] Started udev Coldplug all Devices.
[[0;32m  OK  [0m] Started Flush Journal to Persistent Storage.
[[0;32m  OK  [0m] Started Apply Kernel Variables.
[[0;32m  OK  [0m] Started Create Static Device Nodes in /dev.
         Starting udev Kernel Device Manager...
[[0;32m  OK  [0m] Started udev Kernel Device Manager.
[[0;32m  OK  [0m] Started Dispatch Password Requests to Console Directory Watch.
[[0;32m  OK  [0m] Started Monitoring of LVM2 mirrors,...ng dmeventd or progress polling.
[[0;32m  OK  [0m] Reached target Local File Systems (Pre).
[[0;32m  OK  [0m] Reached target Local File Systems.
         Starting Set console font and keymap...
         Starting Tell Plymouth To Write Out Runtime Data...
         Starting Commit a transient machine-id on disk...
         Starting LSB: AppArmor initialization...
         Starting Create Volatile Files and Directories...
         Starting Initial cloud-init job (pre-networking)...
         Starting Run snappy firstboot setup...
[[0;32m  OK  [0m] Started Tell Plymouth To Write Out Runtime Data.
[[0;32m  OK  [0m] Started Commit a transient machine-id on disk.
[[0;32m  OK  [0m] Started Create Volatile Files and Directories.
[[0;32m  OK  [0m] Found device /dev/ttyS0.
[[0;32m  OK  [0m] Listening on Load/Save RF Kill Switch Status /dev/rfkill Watch.
         Starting Update UTMP about System Boot/Shutdown...
[[0;32m  OK  [0m] Reached target System Time Synchronized.
[[0;32m  OK  [0m] Started Update UTMP about System Boot/Shutdown.
[[0;32m  OK  [0m] Started Set console font and keymap.
[[0;32m  OK  [0m] Created slice system-getty.slice.
[[0;32m  OK  [0m] Started Run snappy firstboot setup.
[[0;32m  OK  [0m] Started LSB: AppArmor initialization.
[[0;32m  OK  [0m] Reached target System Initialization.
[[0;32m  OK  [0m] Listening on D-Bus System Message Bus Socket.
[[0;32m  OK  [0m] Started Daily Cleanup of Temporary Directories.
[[0;32m  OK  [0m] Listening on ACPID Listen Socket.
[[0;32m  OK  [0m] Listening on UUID daemon activation socket.
         Starting LXD - unix socket.
[[0;32m  OK  [0m] Started ACPI Events Check.
         Starting Socket activation for snappy daemon.
[[0;32m  OK  [0m] Started Timer to automatically refresh installed snaps.
[[0;32m  OK  [0m] Started Trigger resolvconf update for networkd DNS.
[[0;32m  OK  [0m] Reached target Paths.
[[0;32m  OK  [0m] Started Daily apt activities.
[[0;32m  OK  [0m] Reached target Timers.
[[0;32m  OK  [0m] Listening on LXD - unix socket.
[[0;32m  OK  [0m] Listening on Socket activation for snappy daemon.
[[0;32m  OK  [0m] Reached target Sockets.
[[0;32m  OK  [0m] Reached target Basic System.
         Starting Accounts Service...
[[0;32m  OK  [0m] Started Snappy daemon.
[[0;32m  OK  [0m] Started ACPI event daemon.
         Starting LSB: Record successful boot for GRUB...
         Starting LSB: MD monitoring daemon...
         Starting System Logging Service...
[[0;32m  OK  [0m] Started D-Bus System Message Bus.
         Starting Login Service...
[[0;32m  OK  [0m] Started Regular background program processing daemon.
[[0;32m  OK  [0m] Started Deferred execution scheduler.
         Starting LXD - container startup/shutdown...
[[0;32m  OK  [0m] Started FUSE filesystem for LXC.
[[0;32m  OK  [0m] Started System Logging Service.
[[0;32m  OK  [0m] Started Login Service.
         Starting Authenticate and Authorize Users to Run Privileged Tasks...
[[0;32m  OK  [0m] Started LSB: Record successful boot for GRUB.
[[0;32m  OK  [0m] Started LSB: MD monitoring daemon.
[[0;32m  OK  [0m] Started Authenticate and Authorize Users to Run Privileged Tasks.
[[0;32m  OK  [0m] Started Accounts Service.
[[0;32m  OK  [0m] Started LXD - container startup/shutdown.
[   58.603560] cloud-init[517]: Cloud-init v. 0.7.8 running 'init-local' at Tue, 04 Oct 2016 00:14:07 +0000. Up 58.10 seconds.
[[0;32m  OK  [0m] Started Initial cloud-init job (pre-networking).
[[0;32m  OK  [0m] Reached target Network (Pre).
         Starting Raise network interfaces...
[[0;32m  OK  [0m] Started Raise network interfaces.
[[0;32m  OK  [0m] Reached target Network.
         Starting Initial cloud-init job (metadata service crawler)...
[   60.904864] cloud-init[1018]: Cloud-init v. 0.7.8 running 'init' at Tue, 04 Oct 2016 00:14:08 +0000. Up 59.29 seconds.
[   60.909628] cloud-init[1018]: ci-info: ++++++++++++++++++++++++++++++++++++++Net device info++++++++++++++++++++++++++++++++++++++
[   60.912313] cloud-init[1018]: ci-info: +--------+-------+----------------------------+---------------+-------+-------------------+
[   60.916111] cloud-init[1018]: ci-info: | Device |   Up  |          Address           |      Mask     | Scope |     Hw-Address    |
[   60.927598] cloud-init[1018]: ci-info: +--------+-------+----------------------------+---------------+-------+-------------------+
[   60.930266] cloud-init[1018]: ci-info: | enp0s8 | False |             .              |       .       |   .   | 08:00:27:85:79:97 |
[   60.931761] cloud-init[1018]: ci-info: | enp0s3 |  True |         10.0.2.15          | 255.255.255.0 |   .   | 02:a0:3d:de:85:bf |
[   60.933312] cloud-init[1018]: ci-info: | enp0s3 |  True | fe80::a0:3dff:fede:85bf/64 |       .       |  link | 02:a0:3d:de:85:bf |
[   60.940310] cloud-init[1018]: ci-info: |   lo   |  True |         127.0.0.1          |   255.0.0.0   |   .   |         .         |
[   60.942972] cloud-init[1018]: ci-info: |   lo   |  True |          ::1/128           |       .       |  host |         .         |
[   60.946682] cloud-init[1018]: ci-info: +--------+-------+----------------------------+---------------+-------+-------------------+
[   60.948243] cloud-init[1018]: ci-info: +++++++++++++++++++++++++++Route IPv4 info++++++++++++++++++++++++++++
[   60.950796] cloud-init[1018]: ci-info: +-------+-------------+----------+---------------+-----------+-------+
[   60.954226] cloud-init[1018]: ci-info: | Route | Destination | Gateway  |    Genmask    | Interface | Flags |
[   60.960740] cloud-init[1018]: ci-info: +-------+-------------+----------+---------------+-----------+-------+
[[0;32m  OK  [0m] Started Initial cloud-init job (metadata service crawler).
[   60.961001] cloud-init[1018]: ci-info: |   0   |   0.0.0.0   | 10.0.2.2 |    0.0.0.0    |   enp0s3  |   UG  |
[   60.979738] cloud-init[1018]: ci-info: |   1   |   10.0.2.0  | 0.0.0.0  | 255.255.255.0 |   enp0s3  |   U   |
[   60.979898] cloud-init[1018]: ci-info: +-------+-------------+----------+---------------+-----------+-------+
[   60.980009] cloud-init[1018]: Generating public/private rsa key pair.
[   60.980279] cloud-init[1018]: Your identification has been saved in /etc/ssh/ssh_host_rsa_key.
[   60.980402] cloud-init[1018]: Your public key has been saved in /etc/ssh/ssh_host_rsa_key.pub.
[   60.980524] cloud-init[1018]: The key fingerprint is:
[   60.980651] cloud-init[1018]: SHA256:vy5Z9gBGLmCViSYICB2vwpc+rea0eIp74dbC8zPWBaw root@ubuntu-xenial
[   60.980775] cloud-init[1018]: The key's randomart image is:
[   60.980906] cloud-init[1018]: +---[RSA 2048]----+
[   60.981157] cloud-init[1018]: |*o.. o.o         |
[   60.981278] cloud-init[1018]: |o o.= o .        |
[   60.981402] cloud-init[1018]: |   +.o o         |
[   60.981534] cloud-init[1018]: |.  .. + +        |
[   60.981654] cloud-init[1018]: |...o . +S.       |
[   60.981774] cloud-init[1018]: | .+ E   ..+      |
[   60.981897] cloud-init[1018]: | o * o . +.o     |
[   60.982024] cloud-init[1018]: |. XoO . o  ..    |
[   60.982148] cloud-init[1018]: |o*=O.o   oo      |
[   60.982271] cloud-init[1018]: +----[SHA256]-----+
[   60.982399] cloud-init[1018]: Generating public/private dsa key pair.
[   60.982521] cloud-init[1018]: Your identification has been saved in /etc/ssh/ssh_host_dsa_key.
[   60.982649] cloud-init[1018]: Your public key has been saved in /etc/ssh/ssh_host_dsa_key.pub.
[   60.982770] cloud-init[1018]: The key fingerprint is:
[   60.982898] cloud-init[1018]: SHA256:qvyQDuvBkfX1M6xsaRZRKHbOAMMLtbVYPRpA7nj5BhY root@ubuntu-xenial
[   60.983020] cloud-init[1018]: The key's randomart image is:
[[0;32m  OK  [0m] Reached target Network is Online.
[   60.983143] cloud-init[1018]: +---[DSA 1024]----+
[   61.162483] cloud-init[1018]: |   +*oo. ..      |
[   61.165364] cloud-init[1018]: |  ...*=.=.       |
[   61.168158] cloud-init[1018]: |   .Eo.Oo.       |
[   61.171109] cloud-init[1018]: |   =.+..o+       |
[   61.180821] cloud-init[1018]: |  + * . S =      |
[   61.188525] cloud-init[1018]: | . + + o + o     |
[   61.189118] cloud-init[1018]: |  + o + B        |
         Starting /etc/rc.local Compatibility...
[   61.189519] cloud-init[1018]: |   * + +         |
[   61.199771] cloud-init[1018]: | .o +..          |
[   61.202553] cloud-init[1018]: +----[SHA256]-----+
[   61.205520] cloud-init[1018]: Generating public/private ecdsa key pair.
[   61.207741] cloud-init[1018]: Your identification has been saved in /etc/ssh/ssh_host_ecdsa_key.
[   61.210442] cloud-init[1018]: Your public key has been saved in /etc/ssh/ssh_host_ecdsa_key.pub.
[   61.212912] cloud-init[1018]: The key fingerprint is:
[   61.214293] cloud-init[1018]: SHA256:yL6V4mL8M/z4rK3lWR/IGFYTAhZ6+wHFq+rWGPL4upg root@ubuntu-xenial
[   61.216296] cloud-init[1018]: The key's randomart image is:
[   61.217652] cloud-init[1018]: +---[ECDSA 256]---+
[   61.218698] cloud-init[1018]: |      ++o .      |
[   61.219738] cloud-init[1018]: |     o ... .     |
[   61.220896] cloud-init[1018]: |    . o  .o      |
[   61.221947] cloud-init[1018]: |     o +.. .     |
[   61.222863] cloud-init[1018]: |      +.S        |
[   61.223702] cloud-init[1018]: |  . ...o * .     |
[   61.225691] cloud-init[1018]: |   = *o * + .    |
[   61.226590] cloud-init[1018]: | o. O.=X o . .   |
[   61.227515] cloud-init[1018]: |E oBooBBB   .    |
[   61.228295] cloud-init[1018]: +----[SHA256]-----+
[   61.229041] cloud-init[1018]: Generating public/private ed25519 key pair.
[   61.230009] cloud-init[1018]: Your identification has been saved in /etc/ssh/ssh_host_ed25519_key.
[   61.231135] cloud-init[1018]: Your public key has been saved in /etc/ssh/ssh_host_ed25519_key.pub.
[   61.232234] cloud-init[1018]: The key fingerprint is:
[   61.232987] cloud-init[1018]: SHA256:sjsQcsOl6LX0v2QmnVQPbaSMinN9LDd8K9y/JP3lRgo root@ubuntu-xenial
[   61.234104] cloud-init[1018]: The key's randomart image is:
[   61.235970] cloud-init[1018]: +--[ED25519 256]--+
[   61.237919] cloud-init[1018]: |            .    |
[   61.238681] cloud-init[1018]: |      .  o +     |
[   61.239428] cloud-init[1018]: |   o o  . = o    |
[   61.240158] cloud-init[1018]: |  o O. o + +     |
[   61.240877] cloud-init[1018]: | . =o=+ S * o    |
[   61.241585] cloud-init[1018]: |  . oo.= * +Eo  .|
[   61.248719] cloud-init[1018]: |     .o.* o +.oo.|
         Starting Pollinate to seed the pseudo random number generator...
         Starting iSCSI initiator daemon (iscsid)...
[[0;32m  OK  [0m] Reached target Cloud-config availability.
[   61.273534] cloud-init[1018]: |      .*.  . +.oo|
[   61.280217] cloud-init[1018]: |      ....    ooo|
         Starting Apply the settings specified in cloud-config...
[[0;32m  OK  [0m] Started /etc/rc.local Compatibility.
[   61.295107] cloud-init[1018]: +----[SHA256]-----+
[[0;32m  OK  [0m] Started iSCSI initiator daemon (iscsid).
         Starting Login to default iSCSI targets...
[[0;32m  OK  [0m] Started Login to default iSCSI targets.
[[0;32m  OK  [0m] Reached target Remote File Systems (Pre).
[[0;32m  OK  [0m] Reached target Remote File Systems.
         Starting LSB: automatic crash report generation...
         Starting Permit User Sessions...
         Starting LSB: VirtualBox Linux Additions...
         Starting LSB: daemon to balance interrupts for SMP systems...
         Starting LSB: Set the CPU Frequency Scaling governor to "ondemand"...
[[0;32m  OK  [0m] Started LSB: Set the CPU Frequency Scaling governor to "ondemand".
[[0;32m  OK  [0m] Started Permit User Sessions.
         Starting Hold until boot process finishes up...
         Starting Terminate Plymouth Boot Screen...
[[0;32m  OK  [0m] Started Hold until boot process finishes up.
[[0;32m  OK  [0m] Started Terminate Plymouth Boot Screen.
[[0;32m  OK  [0m] Started Getty on tty1.
[[0;32m  OK  [0m] Started Serial Getty on ttyS0.
[[0;32m  OK  [0m] Reached target Login Prompts.
         Starting Set console scheme...
[[0;32m  OK  [0m] Started LSB: daemon to balance interrupts for SMP systems.
[[0;32m  OK  [0m] Started LSB: automatic crash report generation.
[[0;32m  OK  [0m] Started Set console scheme.
[   61.986890] cloud-init[1112]: Generating locales (this might take a while)...
[[0;32m  OK  [0m] Started LSB: VirtualBox Linux Additions.
[   63.365284] cloud-init[1112]:   en_US.UTF-8... done
[   63.369692] cloud-init[1112]: Generation complete.
[[0;32m  OK  [0m] Stopped OpenBSD Secure Shell server.
         Starting OpenBSD Secure Shell server...
[[0;32m  OK  [0m] Started OpenBSD Secure Shell server.
[[0;32m  OK  [0m] Created slice User Slice of ubuntu.
         Starting User Manager for UID 1000...
[[0;32m  OK  [0m] Started Session 1 of user ubuntu.
[[0;32m  OK  [0m] Started User Manager for UID 1000.
[   66.562330] cloud-init[1112]: Cloud-init v. 0.7.8 running 'modules:config' at Tue, 04 Oct 2016 00:14:11 +0000. Up 61.55 seconds.
[[0;32m  OK  [0m] Started Apply the settings specified in cloud-config.

Ubuntu 16.04.1 LTS ubuntu-xenial ttyS0

ubuntu-xenial login: ci-info: +++++Authorized keys from /home/ubuntu/.ssh/authorized_keys for user ubuntu++++++
ci-info: +---------+-------------------------------------------------+---------+---------+
ci-info: | Keytype |                Fingerprint (md5)                | Options | Comment |
ci-info: +---------+-------------------------------------------------+---------+---------+
ci-info: | ssh-rsa | 63:e5:7a:bf:be:c4:49:68:01:37:75:6f:15:ee:60:b6 |    -    | vagrant |
ci-info: +---------+-------------------------------------------------+---------+---------+
<14>Oct  4 00:14:17 ec2: 
<14>Oct  4 00:14:17 ec2: #############################################################
<14>Oct  4 00:14:17 ec2: -----BEGIN SSH HOST KEY FINGERPRINTS-----
<14>Oct  4 00:14:17 ec2: 1024 SHA256:qvyQDuvBkfX1M6xsaRZRKHbOAMMLtbVYPRpA7nj5BhY root@ubuntu-xenial (DSA)
<14>Oct  4 00:14:17 ec2: 256 SHA256:yL6V4mL8M/z4rK3lWR/IGFYTAhZ6+wHFq+rWGPL4upg root@ubuntu-xenial (ECDSA)
<14>Oct  4 00:14:17 ec2: 256 SHA256:sjsQcsOl6LX0v2QmnVQPbaSMinN9LDd8K9y/JP3lRgo root@ubuntu-xenial (ED25519)
<14>Oct  4 00:14:17 ec2: 2048 SHA256:vy5Z9gBGLmCViSYICB2vwpc+rea0eIp74dbC8zPWBaw root@ubuntu-xenial (RSA)
<14>Oct  4 00:14:17 ec2: -----END SSH HOST KEY FINGERPRINTS-----
<14>Oct  4 00:14:17 ec2: #############################################################
-----BEGIN SSH HOST KEY KEYS-----
ecdsa-sha2-nistp256 AAAAE2VjZHNhLXNoYTItbmlzdHAyNTYAAAAIbmlzdHAyNTYAAABBBNk5s1JHEDAV32gn08OSahEB59VfT6rRRNxY45KCSaKAhS2KPK0fWSfqRpVKB3OVQl1z/BrUX2/W6/sS5LTlTiE= root@ubuntu-xenial
ssh-ed25519 AAAAC3NzaC1lZDI1NTE5AAAAIInxYCLDHm6xpXWOfV6MSCAMSqH4KTsbXTwltkM2DHbP root@ubuntu-xenial
ssh-rsa AAAAB3NzaC1yc2EAAAADAQABAAABAQDAGSyurCKhMyKsyKDwRtTvNNQTg/lHaVnUQaXaiK9j68WoCLtHlfNFGthGllV7rdwpljpEJFW9ik5bafb/bnwUIMe1aE1kX/+/3YgJXGbcOKgp3EClnO4ik9DMx1/nZMK8G1UIJtN7FB+jvS5P/ubEuG0p17JUDIowI0MQsrb7v1O5PR9+dWGa+M+IE2EJQopWIGA+ofjZAhN3cR2w25Ppad5FFB1eAqrL7omXKN9PH20/aLd2bJu3jgzN7Orygg/S3n1WW/lz4pLSQheSXPiuX06XBRmM5LNiWt01TL8B1Fxj/Hn+nWcpsPGAa2Hb9uatwTAM3Dmp8HW9twIlwvAv root@ubuntu-xenial
-----END SSH HOST KEY KEYS-----
[   68.360659] cloud-init[1435]: Cloud-init v. 0.7.8 running 'modules:final' at Tue, 04 Oct 2016 00:14:17 +0000. Up 68.18 seconds.
[   68.360805] cloud-init[1435]: Cloud-init v. 0.7.8 finished at Tue, 04 Oct 2016 00:14:17 +0000. Datasource DataSourceNoCloud [seed=/dev/sdb][dsmode=net].  Up 68.34 seconds
